2025-04-16 18:43:00 | WARN | repo=pv243-a4m36jee-2016-infinispan-seminar | action=commit
2025-04-04 13:51:00 | WARN | repo=pv243-a4m36jee-2016-infinispan-seminar | action=pull
2025-05-23 12:27:00 | DEBUG | repo=pv243-a4m36jee-2016-infinispan-seminar | action=test | passed=true
2025-11-24 12:45:00 | WARN | repo=pv243-a4m36jee-2016-infinispan-seminar | action=commit
2025-01-24 11:01:00 | WARN | repo=pv243-a4m36jee-2016-infinispan-seminar | action=edit | files=3
2025-05-05 08:34:00 | DEBUG | repo=pv243-a4m36jee-2016-infinispan-seminar | action=commit
2025-03-01 14:06:00 | DEBUG | repo=pv243-a4m36jee-2016-infinispan-seminar | action=edit | files=3
2025-02-27 12:05:00 | WARN | repo=pv243-a4m36jee-2016-infinispan-seminar | action=edit | files=1
2025-09-04 20:00:00 | WARN | repo=pv243-a4m36jee-2016-infinispan-seminar | action=test | passed=true
2025-04-09 17:53:00 | INFO | repo=pv243-a4m36jee-2016-infinispan-seminar | action=commit
2025-07-05 21:59:00 | DEBUG | repo=pv243-a4m36jee-2016-infinispan-seminar | action=edit | files=4
2025-01-18 11:36:00 | DEBUG | repo=pv243-a4m36jee-2016-infinispan-seminar | action=commit
2025-09-20 21:21:00 | INFO | repo=pv243-a4m36jee-2016-infinispan-seminar | action=commit
2025-05-14 15:14:00 | DEBUG | repo=pv243-a4m36jee-2016-infinispan-seminar | action=commit
2025-06-04 07:05:00 | DEBUG | repo=pv243-a4m36jee-2016-infinispan-seminar | action=test | passed=true
2025-03-20 13:45:00 | WARN | repo=pv243-a4m36jee-2016-infinispan-seminar | action=commit
2025-05-02 13:42:00 | INFO | repo=pv243-a4m36jee-2016-infinispan-seminar | action=test | passed=true
2025-08-01 19:18:00 | WARN | repo=pv243-a4m36jee-2016-infinispan-seminar | action=pull
2025-06-20 20:57:00 | DEBUG | repo=pv243-a4m36jee-2016-infinispan-seminar | action=commit
2025-05-16 07:01:00 | WARN | repo=pv243-a4m36jee-2016-infinispan-seminar | action=pull
2025-07-01 08:56:00 | WARN | repo=pv243-a4m36jee-2016-infinispan-seminar | action=edit | files=5
2025-08-11 13:03:00 | DEBUG | repo=pv243-a4m36jee-2016-infinispan-seminar | action=commit
2025-05-10 21:02:00 | WARN | repo=pv243-a4m36jee-2016-infinispan-seminar | action=edit | files=4
2025-10-08 15:48:00 | WARN | repo=pv243-a4m36jee-2016-infinispan-seminar | action=commit
2025-03-10 18:15:00 | INFO | repo=pv243-a4m36jee-2016-infinispan-seminar | action=commit
2025-01-09 16:17:00 | DEBUG | repo=pv243-a4m36jee-2016-infinispan-seminar | action=pull
2025-10-22 20:38:00 | INFO | repo=pv243-a4m36jee-2016-infinispan-seminar | action=test | passed=true
2025-12-25 16:29:00 | WARN | repo=pv243-a4m36jee-2016-infinispan-seminar | action=commit
2025-03-13 12:21:00 | WARN | repo=pv243-a4m36jee-2016-infinispan-seminar | action=edit | files=4
2025-09-03 18:14:00 | INFO | repo=pv243-a4m36jee-2016-infinispan-seminar | action=commit
2025-06-12 09:56:00 | WARN | repo=pv243-a4m36jee-2016-infinispan-seminar | action=test | passed=true
2025-01-23 14:25:00 | WARN | repo=pv243-a4m36jee-2016-infinispan-seminar | action=commit
2025-09-08 18:42:00 | DEBUG | repo=pv243-a4m36jee-2016-infinispan-seminar | action=test | passed=true
2025-07-04 18:55:00 | INFO | repo=pv243-a4m36jee-2016-infinispan-seminar | action=edit | files=5
2025-04-10 10:58:00 | DEBUG | repo=pv243-a4m36jee-2016-infinispan-seminar | action=pull
2025-02-12 16:39:00 | DEBUG | repo=pv243-a4m36jee-2016-infinispan-seminar | action=commit
2025-02-21 17:26:00 | WARN | repo=pv243-a4m36jee-2016-infinispan-seminar | action=commit
2025-02-03 09:11:00 | DEBUG | repo=pv243-a4m36jee-2016-infinispan-seminar | action=commit
2025-04-25 15:49:00 | DEBUG | repo=pv243-a4m36jee-2016-infinispan-seminar | action=test | passed=true
2025-12-28 19:34:00 | WARN | repo=pv243-a4m36jee-2016-infinispan-seminar | action=commit
2025-03-03 17:27:00 | DEBUG | repo=pv243-a4m36jee-2016-infinispan-seminar | action=commit
2025-01-08 07:43:00 | INFO | repo=pv243-a4m36jee-2016-infinispan-seminar | action=commit
2025-10-24 20:15:00 | INFO | repo=pv243-a4m36jee-2016-infinispan-seminar | action=edit | files=2
2025-06-05 13:11:00 | INFO | repo=pv243-a4m36jee-2016-infinispan-seminar | action=edit | files=4
2025-07-18 10:03:00 | WARN | repo=pv243-a4m36jee-2016-infinispan-seminar | action=commit
2025-03-17 15:56:00 | INFO | repo=pv243-a4m36jee-2016-infinispan-seminar | action=commit
2025-02-20 17:13:00 | WARN | repo=pv243-a4m36jee-2016-infinispan-seminar | action=test | passed=true
2025-05-02 09:06:00 | DEBUG | repo=pv243-a4m36jee-2016-infinispan-seminar | action=pull
2025-04-25 16:42:00 | DEBUG | repo=pv243-a4m36jee-2016-infinispan-seminar | action=test | passed=true
2025-10-01 11:45:00 | WARN | repo=pv243-a4m36jee-2016-infinispan-seminar | action=commit
2025-05-08 18:31:00 | INFO | repo=pv243-a4m36jee-2016-infinispan-seminar | action=test | passed=true
2025-05-19 12:29:00 | DEBUG | repo=pv243-a4m36jee-2016-infinispan-seminar | action=commit
2025-10-27 17:46:00 | WARN | repo=pv243-a4m36jee-2016-infinispan-seminar | action=pull
2025-08-05 19:26:00 | WARN | repo=pv243-a4m36jee-2016-infinispan-seminar | action=commit
2025-12-08 16:40:00 | WARN | repo=pv243-a4m36jee-2016-infinispan-seminar | action=edit | files=2
2025-04-18 08:16:00 | INFO | repo=pv243-a4m36jee-2016-infinispan-seminar | action=edit | files=5
2025-03-14 07:47:00 | INFO | repo=pv243-a4m36jee-2016-infinispan-seminar | action=commit
2025-12-03 13:45:00 | DEBUG | repo=pv243-a4m36jee-2016-infinispan-seminar | action=pull
2025-06-23 08:52:00 | WARN | repo=pv243-a4m36jee-2016-infinispan-seminar | action=commit
2025-02-17 15:37:00 | WARN | repo=pv243-a4m36jee-2016-infinispan-seminar | action=commit
2025-06-07 12:10:00 | WARN | repo=pv243-a4m36jee-2016-infinispan-seminar | action=pull
2025-09-14 21:24:00 | INFO | repo=pv243-a4m36jee-2016-infinispan-seminar | action=pull
2025-10-27 21:51:00 | WARN | repo=pv243-a4m36jee-2016-infinispan-seminar | action=commit
